================= Input =================
Some `inline code` here.

========= cmark-gfm-simple HTML =========
<p>Some <code>inline code</code> here.</p>


============ cmark-gfm HTML =============
<p>Some <code>inline code</code> here.</p>


======= cmark-gfm-simple Markdown =======
Some `inline code` here.


========== cmark-gfm Markdown ===========
Some `inline code` here.


========== cmark-gfm-simple AST =========
WithPos {getPosInfo = Just (PosInfo {startLine = 1, startColumn = 1, endLine = 1, endColumn = 24}), unPos = Nodes {unNodes = [WithPos {getPosInfo = Just (PosInfo {startLine = 1, startColumn = 1, endLine = 1, endColumn = 24}), unPos = NodeParagraph (Nodes {unNodes = [WithPos {getPosInfo = Just (PosInfo {startLine = 1, startColumn = 1, endLine = 1, endColumn = 5}), unPos = NodeText "Some "},WithPos {getPosInfo = Just (PosInfo {startLine = 1, startColumn = 7, endLine = 1, endColumn = 17}), unPos = NodeCode "inline code"},WithPos {getPosInfo = Just (PosInfo {startLine = 1, startColumn = 19, endLine = 1, endColumn = 24}), unPos = NodeText " here."}]})}]}}

============= cmark-gfm AST =============
Node (Just (PosInfo {startLine = 1, startColumn = 1, endLine = 1, endColumn = 24})) DOCUMENT [Node (Just (PosInfo {startLine = 1, startColumn = 1, endLine = 1, endColumn = 24})) PARAGRAPH [Node (Just (PosInfo {startLine = 1, startColumn = 1, endLine = 1, endColumn = 5})) (TEXT "Some ") [],Node (Just (PosInfo {startLine = 1, startColumn = 7, endLine = 1, endColumn = 17})) (CODE "inline code") [],Node (Just (PosInfo {startLine = 1, startColumn = 19, endLine = 1, endColumn = 24})) (TEXT " here.") []]]
